// Jest Snapshot v1, https://goo.gl/fbAQLP

exports[`should render Header correctly 1`] = `
<header
  className="head"
>
  <h1>
    Expensify
  </h1>
  <NavLink
    activeClassName="selected"
    activeStyle={
      Object {
        "color": "blue",
        "fontWeight": "bold",
      }
    }
    ariaCurrent="true"
    exact={true}
    to="/"
  >
    ExpensePage
  </NavLink>
  <NavLink
    activeClassName="selected"
    activeStyle={
      Object {
        "color": "pink",
        "fontWeight": "bold",
      }
    }
    ariaCurrent="true"
    exact={true}
    to="/dashboard"
  >
    Dashboard Page
  </NavLink>
  <NavLink
    activeClassName="selected"
    activeStyle={
      Object {
        "color": "green",
        "fontWeight": "bold",
      }
    }
    ariaCurrent="true"
    to="/createexpense"
  >
    Create Expense
  </NavLink>
  <NavLink
    activeClassName="selected"
    activeStyle={
      Object {
        "color": "gray",
        "fontWeight": "bold",
      }
    }
    ariaCurrent="true"
    to="/about"
  >
    About
  </NavLink>
  <NavLink
    activeClassName="selected"
    activeStyle={
      Object {
        "color": "green",
        "fontWeight": "bold",
      }
    }
    ariaCurrent="true"
    to="/edit/:id"
  >
    Edit
  </NavLink>
  <button
    onClick={[Function]}
  >
    Log out
  </button>
</header>
`;
